main.c:715:6:StartDefaultTask	8	static
main.c:1311:6:encoder_task	56	static
main.c:107:6:delay	0	static
main.c:122:6:HAL_TIM_IC_CaptureCallback	48	static
main.c:163:6:HCSR04_Read	8	static
main.c:739:6:show	48	static
main.c:274:6:SystemClock_Config	72	static,ignoring_inline_asm
main.c:177:5:main	120	static,ignoring_inline_asm
main.c:696:6:HAL_UART_RxCpltCallback	8	static
main.c:829:6:reverse	8	static
main.c:856:6:leftmove	16	static
main.c:869:6:rightmove	16	static
main.c:883:6:Rleftmove	16	static
main.c:896:6:Rrightmove	16	static
main.c:909:6:stop	0	static
main.c:918:6:center	0	static
main.c:765:6:forward	16	static
main.c:801:6:forwards	16	static
main.c:922:6:left	0	static
main.c:926:6:right	0	static
main.c:949:6:sendfeedback	16	static
main.c:955:6:motors	24	static
main.c:1381:6:Error_Handler	0	static,ignoring_inline_asm
