stm32f1xx_hal_msp.c:66:6:HAL_MspInit	16	static
stm32f1xx_hal_msp.c:94:6:HAL_TIM_Base_MspInit	40	static
stm32f1xx_hal_msp.c:139:6:HAL_TIM_Encoder_MspInit	48	static
stm32f1xx_hal_msp.c:203:6:HAL_TIM_IC_MspInit	32	static
stm32f1xx_hal_msp.c:235:6:HAL_TIM_MspPostInit	32	static
stm32f1xx_hal_msp.c:267:6:HAL_TIM_Base_MspDeInit	0	static
stm32f1xx_hal_msp.c:307:6:HAL_TIM_Encoder_MspDeInit	8	static
stm32f1xx_hal_msp.c:356:6:HAL_TIM_IC_MspDeInit	8	static
stm32f1xx_hal_msp.c:386:6:HAL_UART_MspInit	32	static
stm32f1xx_hal_msp.c:430:6:HAL_UART_MspDeInit	8	static
